<html>
<body>
<pre>
<h1>µVision Build Log</h1>
<h2>Tool Versions:</h2>
IDE-Version: µVision V5.31.0.0
Copyright (C) 2020 ARM Ltd and ARM Germany GmbH. All rights reserved.
License Information: Minh Vu, 24H, LIC=QMZI6-DNGMZ-KDUKY-IB78R-ULX2F-ETCIY
 
Tool Versions:
Toolchain:       DK-ARM Developers Kit  Version: 5.31.0.0
Toolchain Path:  C:\Keil_v5\ARM\ARMCLANG\Bin
C Compiler:      ArmClang.exe V6.14
Assembler:       Armasm.exe V6.14
Linker/Locator:  ArmLink.exe V6.14
Library Manager: ArmAr.exe V6.14
Hex Converter:   FromElf.exe V6.14
CPU DLL:         SARMCM3.DLL V5.31.0.0
Dialog DLL:      DCM.DLL V1.17.3.0
Target DLL:      STLink\ST-LINKIII-KEIL_SWO.dll V3.0.7.0
Dialog DLL:      TCM.DLL V1.46.0.0
 
<h2>Project:</h2>
E:\Learn_Embedded\KeilC\STM32F407VET6.uvprojx
Project File Date:  01/03/2023

<h2>Output:</h2>
*** Using Compiler 'V6.14', folder: 'C:\Keil_v5\ARM\ARMCLANG\Bin'
Rebuild target 'STM32F407VET6'
assembling startup_stm32f40xx.s...
compiling main.c...
linking...
Program Size: Code=352 RO-data=408 RW-data=0 ZI-data=1632  
FromELF: creating hex file...
".\Objects\STM32F407VET6.axf" - 0 Error(s), 0 Warning(s).

<h2>Software Packages used:</h2>

Package Vendor: Keil
                http://www.keil.com/pack/Keil.STM32F4xx_DFP.2.8.0.pack
                Keil.STM32F4xx_DFP.2.8.0
                STMicroelectronics STM32F4 Series Device Support, Drivers and Examples

<h2>Collection of Component include folders:</h2>
  C:\Users\MINH\AppData\Local\Arm\Packs\Keil\STM32F4xx_DFP\2.8.0\Drivers\CMSIS\Device\ST\STM32F4xx\Include

<h2>Collection of Component Files used:</h2>
Build Time Elapsed:  00:00:01
</pre>
</body>
</html>
